<html>
<body>
<pre>
<h1>µVision Build Log</h1>
<h2>Tool Versions:</h2>
IDE-Version: µVision V5.29.0.0
Copyright (C) 2019 ARM Ltd and ARM Germany GmbH. All rights reserved.
License Information: Bedirhan Önder, Itu, LIC=----
 
Tool Versions:
Toolchain:       MDK-Lite  Version: 5.29.0.0
Toolchain Path:  D:\Kail\ARM\ARMCC\Bin
C Compiler:      Armcc.exe V5.06 update 6 (build 750)
Assembler:       Armasm.exe V5.06 update 6 (build 750)
Linker/Locator:  ArmLink.exe V5.06 update 6 (build 750)
Library Manager: ArmAr.exe V5.06 update 6 (build 750)
Hex Converter:   FromElf.exe V5.06 update 6 (build 750)
CPU DLL:         SARMCM3.DLL V5.29.0.0
Dialog DLL:      DCM.DLL V1.17.3.0
Target DLL:      STLink\ST-LINKIII-KEIL_SWO.dll V3.0.7.0
Dialog DLL:      TCM.DLL V1.36.5.0
 
<h2>Project:</h2>
D:\Github\rake_main_board_controller\MDK-ARM\rake_main_board_controller.uvprojx
Project File Date:  02/16/2021

<h2>Output:</h2>
*** Using Compiler 'V5.06 update 6 (build 750)', folder: 'D:\Kail\ARM\ARMCC\Bin'
Build target 'rake_main_board_controller'
compiling main.c...
../Src/main.c(226): warning:  #167-D: argument of type "unsigned char *" is incompatible with parameter of type "char *restrict"
  		motor1_uart.txBufferLen = sprintf(motor1_uart.txBuffer, "S%d%d%d%dCF",
../Src/main.c(235): warning:  #167-D: argument of type "unsigned char *" is incompatible with parameter of type "char *restrict"
  		motor2_uart.txBufferLen = sprintf(motor2_uart.txBuffer, "S%d%d%d%dCF",
../Src/main.c(241): warning:  #167-D: argument of type "unsigned char *" is incompatible with parameter of type "char *restrict"
  		strcat(motor1_uart.rxBuffer, motor2_uart.rxBuffer);
../Src/main.c(241): warning:  #167-D: argument of type "unsigned char *" is incompatible with parameter of type "const char *restrict"
  		strcat(motor1_uart.rxBuffer, motor2_uart.rxBuffer);
../Src/main.c(247): warning:  #167-D: argument of type "unsigned char *" is incompatible with parameter of type "char *restrict"
      strcpy(&motor1_uart.rxBuffer[10], &motor1_uart.rxBuffer[10 + 1]);
../Src/main.c(247): warning:  #167-D: argument of type "unsigned char *" is incompatible with parameter of type "const char *restrict"
      strcpy(&motor1_uart.rxBuffer[10], &motor1_uart.rxBuffer[10 + 1]);
../Src/main.c: 6 warnings, 0 errors
linking...
Program Size: Code=7484 RO-data=448 RW-data=36 ZI-data=1516  
FromELF: creating hex file...
"rake_main_board_controller\rake_main_board_controller.axf" - 0 Error(s), 6 Warning(s).

<h2>Software Packages used:</h2>

Package Vendor: ARM
                http://www.keil.com/pack/ARM.CMSIS.5.6.0.pack
                ARM.CMSIS.5.6.0
                CMSIS (Cortex Microcontroller Software Interface Standard)
   * Component: CORE Version: 5.3.0

Package Vendor: Keil
                http://www.keil.com/pack/Keil.STM32F4xx_DFP.2.14.0.pack
                Keil.STM32F4xx_DFP.2.14.0
                STMicroelectronics STM32F4 Series Device Support, Drivers and Examples

<h2>Collection of Component include folders:</h2>
  .\RTE\_rake_main_board_controller
  D:\Kailpacks\ARM\CMSIS\5.6.0\CMSIS\Core\Include
  D:\Kailpacks\Keil\STM32F4xx_DFP\2.14.0\Drivers\CMSIS\Device\ST\STM32F4xx\Include

<h2>Collection of Component Files used:</h2>

   * Component: ARM::CMSIS:CORE:5.3.0
Build Time Elapsed:  00:00:03
</pre>
</body>
</html>
